============================================================
🚀 AI交易机器人启动中...
============================================================
✅ 配置加载完成
✅ 环境变量加载完成
🔗 连接到币安正式网 (U本位合约)
✅ 已连接到币安正式网
✅ API客户端初始化完成
✅ 数据管理器初始化完成
✅ 交易执行器初始化完成
✅ AI组件初始化完成
============================================================
🎉 AI交易机器人启动成功！
============================================================


⏱️  交易周期: 每180秒
📊 交易币种: BTCUSDT, ETHUSDT, SOLUSDT

按 Ctrl+C 停止运行


============================================================
📅 交易周期 #1 - 2025-10-28 07:03:51
============================================================

💰 账户信息:
   总权益: 0.00 USDT
   未实现盈亏: 0.00 USDT
   保证金率: 0.00%

🤖 调用AI一次性分析所有币种...

============================================================
📤 发送给AI的完整提示词:
============================================================
你是一位专业的日内交易员，需要同时分析多个币种并给出每个币种的独立交易决策。

当前时间: 2025-10-28 07:03:55

## 交易账户
- 账户类型: Binance U本位永续合约
- 支持双向交易: 可以做多(买入)或做空(卖出)
- 杠杆范围: 1-100倍（建议3-10倍）

### 仓位管理
- 最小仓位: 10%
- 最大仓位: 30%
- 每个币种独立决策，不受其他币种影响

### 风险控制
- 最大止损: -200%
- 建议止盈: +500%

## 市场数据


=== BTC/USDT ===
价格: $114,004.00 | 24h: -0.70% | 15m: +0.00%
资金费率: 0.000073 (中性) | 持仓量: 78,098
持仓: 无仓位

【5m周期】
RSI: 30.6 | MACD: -130.4635
EMA20: 114289.38 | EMA50: 114539.20 | SMA20: 114287.19 | SMA50: 114562.55
BOLL上轨: 114573.74 | BOLL中轨: 114287.19 | BOLL下轨: 114000.63 | ATR: 159.60

最近18根K线（OHLC）:
  K1: O=$114292.90 H=$114325.00 L=$114230.00 C=$114315.00 🟢 (+0.02%) V=226
  K2: O=$114314.90 H=$114314.90 L=$114254.30 C=$114255.20 🔴 (-0.05%) V=97
  K3: O=$114255.10 H=$114602.60 L=$114255.10 C=$114429.40 🟢 (+0.15%) V=532
  K4: O=$114429.40 H=$114501.90 L=$114410.10 C=$114459.70 🟢 (+0.03%) V=209
  K5: O=$114459.70 H=$114459.70 L=$114254.30 C=$114258.10 🔴 (-0.18%) V=283
  K6: O=$114258.00 H=$114382.20 L=$114077.70 C=$114382.10 🟢 (+0.11%) V=492
  K7: O=$114382.20 H=$114394.10 L=$114285.60 C=$114372.00 🔴 (-0.01%) V=261
  K8: O=$114372.00 H=$114450.00 L=$114318.50 C=$114410.60 🟢 (+0.03%) V=242
  K9: O=$114410.60 H=$114472.20 L=$114340.00 C=$114433.30 🟢 (+0.02%) V=223
  K10: O=$114433.30 H=$114555.10 L=$114428.60 C=$114543.90 🟢 (+0.10%) V=251
  K11: O=$114543.80 H=$114543.90 L=$114363.00 C=$114374.30 🔴 (-0.15%) V=225
  K12: O=$114374.20 H=$114379.30 L=$114171.20 C=$114312.40 🔴 (-0.05%) V=222
  K13: O=$114312.30 H=$114313.30 L=$114213.00 C=$114228.00 🔴 (-0.07%) V=155
  K14: O=$114228.00 H=$114271.20 L=$114137.50 C=$114149.90 🔴 (-0.07%) V=184
  K15: O=$114149.90 H=$114228.70 L=$114066.70 C=$114213.20 🟢 (+0.06%) V=215
  K16: O=$114213.20 H=$114282.90 L=$114110.00 C=$114110.00 🔴 (-0.09%) V=190
  K17: O=$114110.00 H=$114110.10 L=$114012.00 C=$114078.90 🔴 (-0.03%) V=404
  K18: O=$114078.90 H=$114079.00 L=$113909.20 C=$114004.10 🔴 (-0.07%) V=865

【15m周期】
RSI: 20.2 | MACD: -282.5730
EMA20: 114525.99 | EMA50: 114807.22 | SMA20: 114621.19 | SMA50: 114960.76
BOLL上轨: 115528.25 | BOLL中轨: 114621.19 | BOLL下轨: 113714.13 | ATR: 255.62

最近18根K线（OHLC）:
  K1: O=$115419.90 H=$115466.10 L=$115263.00 C=$115277.90 🔴 (-0.12%) V=452
  K2: O=$115277.90 H=$115278.10 L=$114870.00 C=$115260.70 🔴 (-0.01%) V=1501
  K3: O=$115260.70 H=$115260.70 L=$114863.00 C=$114942.30 🔴 (-0.28%) V=616
  K4: O=$114942.40 H=$114972.70 L=$114712.40 C=$114884.80 🔴 (-0.05%) V=1264
  K5: O=$114884.80 H=$114990.80 L=$114761.00 C=$114894.90 🟢 (+0.01%) V=482
  K6: O=$114894.80 H=$114894.80 L=$114662.10 C=$114725.90 🔴 (-0.15%) V=829
  K7: O=$114726.00 H=$114815.80 L=$114664.30 C=$114665.80 🔴 (-0.05%) V=449
  K8: O=$114665.70 H=$114720.00 L=$114559.90 C=$114599.90 🔴 (-0.06%) V=720
  K9: O=$114599.90 H=$114736.20 L=$114349.90 C=$114405.40 🔴 (-0.17%) V=1199
  K10: O=$114405.40 H=$114553.20 L=$114336.00 C=$114356.30 🔴 (-0.04%) V=986
  K11: O=$114356.30 H=$114426.10 L=$114067.50 C=$114120.70 🔴 (-0.21%) V=1507
  K12: O=$114120.70 H=$114325.00 L=$114100.80 C=$114255.20 🟢 (+0.12%) V=678
  K13: O=$114255.10 H=$114602.60 L=$114254.30 C=$114258.10 🟢 (+0.00%) V=1024
  K14: O=$114258.00 H=$114450.00 L=$114077.70 C=$114410.60 🟢 (+0.13%) V=994
  K15: O=$114410.60 H=$114555.10 L=$114340.00 C=$114374.30 🔴 (-0.03%) V=700
  K16: O=$114374.20 H=$114379.30 L=$114137.50 C=$114149.90 🔴 (-0.20%) V=561
  K17: O=$114149.90 H=$114282.90 L=$114012.00 C=$114078.90 🔴 (-0.06%) V=810
  K18: O=$114078.90 H=$114079.00 L=$113909.20 C=$113996.80 🔴 (-0.07%) V=867

【1h周期】
RSI: 34.1 | MACD: 88.2243
EMA20: 114677.87 | EMA50: 113911.51 | SMA20: 115052.84 | SMA50: 113799.07
BOLL上轨: 116120.77 | BOLL中轨: 115052.84 | BOLL下轨: 113984.90 | ATR: 545.41

最近18根K线（OHLC）:
  K1: O=$115511.10 H=$116098.90 L=$115309.00 C=$116008.80 🟢 (+0.43%) V=10701
  K2: O=$116008.90 H=$116380.20 L=$115459.40 C=$115522.50 🔴 (-0.42%) V=10792
  K3: O=$115522.40 H=$115575.10 L=$114860.00 C=$114990.20 🔴 (-0.46%) V=6627
  K4: O=$114990.10 H=$115334.60 L=$114780.20 C=$115204.70 🟢 (+0.19%) V=5765
  K5: O=$115204.80 H=$115526.30 L=$115068.00 C=$115411.80 🟢 (+0.18%) V=2621
  K6: O=$115411.90 H=$115497.00 L=$115063.30 C=$115302.30 🔴 (-0.09%) V=2767
  K7: O=$115302.30 H=$115385.70 L=$114920.20 C=$115016.40 🔴 (-0.25%) V=3461
  K8: O=$115016.30 H=$115370.80 L=$114530.70 C=$115210.40 🟢 (+0.17%) V=8037
  K9: O=$115210.30 H=$115311.30 L=$114433.00 C=$114751.00 🔴 (-0.40%) V=6828
  K10: O=$114750.80 H=$115195.50 L=$114717.50 C=$114914.40 🟢 (+0.14%) V=4247
  K11: O=$114914.50 H=$115599.90 L=$114818.10 C=$115438.10 🟢 (+0.46%) V=4816
  K12: O=$115438.10 H=$115700.00 L=$115251.60 C=$115647.40 🟢 (+0.18%) V=3213
  K13: O=$115647.30 H=$115744.80 L=$115251.90 C=$115277.90 🔴 (-0.32%) V=2697
  K14: O=$115277.90 H=$115278.10 L=$114712.40 C=$114894.90 🔴 (-0.33%) V=3863
  K15: O=$114894.80 H=$114894.80 L=$114349.90 C=$114405.40 🔴 (-0.43%) V=3198
  K16: O=$114405.40 H=$114602.60 L=$114067.50 C=$114258.10 🔴 (-0.13%) V=4196
  K17: O=$114258.00 H=$114555.10 L=$114012.00 C=$114078.90 🔴 (-0.16%) V=3065
  K18: O=$114078.90 H=$114079.00 L=$113909.20 C=$113996.90 🔴 (-0.07%) V=867

【4h周期】
RSI: 70.0 | MACD: 1274.0570
EMA20: 113145.78 | EMA50: 111728.62 | SMA20: 112867.43 | SMA50: 110900.83
BOLL上轨: 116326.58 | BOLL中轨: 112867.43 | BOLL下轨: 109408.27 | ATR: 1017.77

最近18根K线（OHLC）:
  K1: O=$110965.40 H=$111187.50 L=$110600.50 C=$110962.30 🔴 (-0.00%) V=5960
  K2: O=$110962.30 H=$111775.10 L=$110962.30 C=$111445.40 🟢 (+0.44%) V=9262
  K3: O=$111445.50 H=$111789.40 L=$111328.00 C=$111522.70 🟢 (+0.07%) V=8331
  K4: O=$111522.60 H=$111903.90 L=$111255.20 C=$111340.90 🔴 (-0.16%) V=10351
  K5: O=$111341.00 H=$111686.00 L=$111094.40 C=$111574.90 🟢 (+0.21%) V=7534
  K6: O=$111574.90 H=$111640.10 L=$111291.00 C=$111589.40 🟢 (+0.01%) V=3833
  K7: O=$111589.40 H=$111866.70 L=$111200.00 C=$111210.10 🔴 (-0.34%) V=6835
  K8: O=$111210.10 H=$111677.90 L=$111200.20 C=$111672.80 🟢 (+0.42%) V=3510
  K9: O=$111672.90 H=$113442.50 L=$111650.30 C=$113235.20 🟢 (+1.40%) V=25721
  K10: O=$113235.10 H=$114000.00 L=$113221.50 C=$113648.10 🟢 (+0.36%) V=26932
  K11: O=$113648.00 H=$113774.50 L=$113231.20 C=$113546.30 🔴 (-0.09%) V=8822
  K12: O=$113546.20 H=$115521.70 L=$112800.00 C=$114497.80 🟢 (+0.84%) V=25517
  K13: O=$114497.90 H=$115407.70 L=$114300.00 C=$114927.70 🟢 (+0.38%) V=18053
  K14: O=$114927.80 H=$116380.20 L=$114925.60 C=$115522.50 🟢 (+0.52%) V=30816
  K15: O=$115522.40 H=$115575.10 L=$114780.20 C=$115302.30 🔴 (-0.19%) V=17780
  K16: O=$115302.30 H=$115385.70 L=$114433.00 C=$114914.40 🔴 (-0.34%) V=22573
  K17: O=$114914.50 H=$115744.80 L=$114712.40 C=$114894.90 🔴 (-0.02%) V=14589
  K18: O=$114894.80 H=$114894.80 L=$113909.20 C=$114004.10 🔴 (-0.78%) V=11324

【1d周期】
RSI: 47.6 | MACD: -894.7315
EMA20: 112167.05 | EMA50: 113307.76 | SMA20: 111967.49 | SMA50: 114205.12
BOLL上轨: 120853.67 | BOLL中轨: 111967.49 | BOLL下轨: 103081.31 | ATR: 3701.83

最近18根K线（OHLC）:
  K1: O=$121579.40 H=$122497.00 L=$101516.50 C=$112714.90 🔴 (-7.29%) V=391964
  K2: O=$112715.00 H=$113300.10 L=$109501.00 C=$110579.10 🔴 (-1.89%) V=163672
  K3: O=$110579.10 H=$115730.30 L=$109509.30 C=$114894.40 🟢 (+3.90%) V=217928
  K4: O=$114894.50 H=$115912.00 L=$113600.50 C=$115111.90 🟢 (+0.19%) V=195997
  K5: O=$115112.00 H=$115360.20 L=$109802.00 C=$112983.80 🔴 (-1.85%) V=259244
  K6: O=$112983.90 H=$113576.10 L=$110096.90 C=$110699.00 🔴 (-2.02%) V=131777
  K7: O=$110699.10 H=$111960.00 L=$107350.00 C=$108129.40 🔴 (-2.32%) V=193545
  K8: O=$108129.40 H=$109199.80 L=$103470.00 C=$106378.60 🔴 (-1.62%) V=242790
  K9: O=$106378.50 H=$107452.60 L=$106270.00 C=$107117.50 🟢 (+0.69%) V=68510
  K10: O=$107117.50 H=$109399.90 L=$106055.80 C=$108586.20 🟢 (+1.37%) V=113474
  K11: O=$108586.20 H=$111650.00 L=$107377.20 C=$110469.90 🟢 (+1.73%) V=139647
  K12: O=$110469.90 H=$113940.00 L=$107400.00 C=$108253.70 🔴 (-2.01%) V=241127
  K13: O=$108253.80 H=$109160.00 L=$106360.30 C=$107532.00 🔴 (-0.67%) V=180894
  K14: O=$107532.10 H=$111240.00 L=$107462.90 C=$110025.90 🟢 (+2.32%) V=129641
  K15: O=$110026.00 H=$112086.00 L=$109650.00 C=$110965.40 🟢 (+0.85%) V=110760
  K16: O=$110965.40 H=$111903.90 L=$110600.50 C=$111589.40 🟢 (+0.56%) V=45269
  K17: O=$111589.40 H=$115521.70 L=$111200.00 C=$114497.80 🟢 (+2.61%) V=97335
  K18: O=$114497.90 H=$116380.20 L=$113909.20 C=$114004.10 🔴 (-0.43%) V=115135

=== ETH/USDT ===
价格: $4,111.81 | 24h: -1.31% | 15m: +0.00%
资金费率: 0.000078 (中性) | 持仓量: 1,589,228
持仓: 无仓位

【5m周期】
RSI: 41.2 | MACD: -7.0481
EMA20: 4127.63 | EMA50: 4145.08 | SMA20: 4124.96 | SMA50: 4150.47
BOLL上轨: 4141.34 | BOLL中轨: 4124.96 | BOLL下轨: 4108.58 | ATR: 11.04

最近18根K线（OHLC）:
  K1: O=$4120.76 H=$4131.00 L=$4114.36 C=$4127.17 🟢 (+0.16%) V=14490
  K2: O=$4127.16 H=$4127.16 L=$4119.57 C=$4121.00 🔴 (-0.15%) V=6134
  K3: O=$4121.00 H=$4137.93 L=$4121.00 C=$4127.00 🟢 (+0.15%) V=13920
  K4: O=$4127.01 H=$4130.00 L=$4125.68 C=$4128.68 🟢 (+0.04%) V=5913
  K5: O=$4128.68 H=$4128.68 L=$4112.67 C=$4114.56 🔴 (-0.34%) V=10368
  K6: O=$4114.55 H=$4129.55 L=$4107.56 C=$4129.54 🟢 (+0.36%) V=19607
  K7: O=$4129.55 H=$4130.14 L=$4125.05 C=$4126.08 🔴 (-0.08%) V=8914
  K8: O=$4126.07 H=$4129.12 L=$4124.46 C=$4128.33 🟢 (+0.05%) V=9040
  K9: O=$4128.34 H=$4139.15 L=$4125.68 C=$4133.42 🟢 (+0.12%) V=12056
  K10: O=$4133.41 H=$4142.60 L=$4131.92 C=$4142.41 🟢 (+0.22%) V=13270
  K11: O=$4142.42 H=$4142.52 L=$4133.00 C=$4133.72 🔴 (-0.21%) V=11649
  K12: O=$4133.72 H=$4135.16 L=$4123.11 C=$4131.61 🔴 (-0.05%) V=10947
  K13: O=$4131.61 H=$4132.80 L=$4122.81 C=$4124.53 🔴 (-0.17%) V=4178
  K14: O=$4124.54 H=$4128.34 L=$4116.84 C=$4119.00 🔴 (-0.13%) V=8568
  K15: O=$4118.99 H=$4130.20 L=$4116.84 C=$4128.77 🟢 (+0.24%) V=9530
  K16: O=$4128.76 H=$4130.57 L=$4123.42 C=$4123.42 🔴 (-0.13%) V=5103
  K17: O=$4123.43 H=$4123.43 L=$4115.92 C=$4121.00 🔴 (-0.06%) V=10751
  K18: O=$4121.00 H=$4121.65 L=$4110.01 C=$4111.23 🔴 (-0.24%) V=11655

【15m周期】
RSI: 22.8 | MACD: -18.7216
EMA20: 4144.11 | EMA50: 4160.52 | SMA20: 4155.00 | SMA50: 4165.35
BOLL上轨: 4237.90 | BOLL中轨: 4155.00 | BOLL下轨: 4072.11 | ATR: 22.21

最近18根K线（OHLC）:
  K1: O=$4216.75 H=$4223.34 L=$4212.95 C=$4213.03 🔴 (-0.09%) V=16410
  K2: O=$4213.04 H=$4216.24 L=$4182.57 C=$4214.99 🟢 (+0.05%) V=64762
  K3: O=$4214.99 H=$4219.00 L=$4205.44 C=$4211.31 🔴 (-0.09%) V=24690
  K4: O=$4211.31 H=$4211.79 L=$4190.70 C=$4197.86 🔴 (-0.32%) V=44029
  K5: O=$4197.86 H=$4203.98 L=$4185.27 C=$4192.42 🔴 (-0.13%) V=28012
  K6: O=$4192.41 H=$4194.07 L=$4140.84 C=$4148.53 🔴 (-1.05%) V=145563
  K7: O=$4148.53 H=$4163.79 L=$4143.33 C=$4149.77 🟢 (+0.03%) V=44195
  K8: O=$4149.77 H=$4152.58 L=$4136.32 C=$4138.78 🔴 (-0.26%) V=36521
  K9: O=$4138.77 H=$4140.56 L=$4127.00 C=$4127.00 🔴 (-0.28%) V=39872
  K10: O=$4127.00 H=$4137.75 L=$4124.00 C=$4125.76 🔴 (-0.03%) V=30086
  K11: O=$4125.76 H=$4131.25 L=$4090.61 C=$4106.99 🔴 (-0.45%) V=97239
  K12: O=$4106.99 H=$4131.00 L=$4106.00 C=$4121.00 🟢 (+0.34%) V=37150
  K13: O=$4121.00 H=$4137.93 L=$4112.67 C=$4114.56 🔴 (-0.16%) V=30200
  K14: O=$4114.55 H=$4130.14 L=$4107.56 C=$4128.33 🟢 (+0.33%) V=37560
  K15: O=$4128.34 H=$4142.60 L=$4125.68 C=$4133.72 🟢 (+0.13%) V=36975
  K16: O=$4133.72 H=$4135.16 L=$4116.84 C=$4119.00 🔴 (-0.36%) V=23694
  K17: O=$4118.99 H=$4130.57 L=$4115.92 C=$4121.00 🟢 (+0.05%) V=25385
  K18: O=$4121.00 H=$4121.65 L=$4110.01 C=$4111.02 🔴 (-0.24%) V=11468

【1h周期】
RSI: 41.5 | MACD: 7.2478
EMA20: 4152.61 | EMA50: 4103.87 | SMA20: 4173.75 | SMA50: 4092.56
BOLL上轨: 4251.73 | BOLL中轨: 4173.75 | BOLL下轨: 4095.77 | ATR: 38.69

最近18根K线（OHLC）:
  K1: O=$4231.40 H=$4243.51 L=$4221.00 C=$4233.32 🟢 (+0.05%) V=104513
  K2: O=$4233.32 H=$4246.80 L=$4193.52 C=$4200.00 🔴 (-0.79%) V=212409
  K3: O=$4199.99 H=$4200.42 L=$4154.65 C=$4165.60 🔴 (-0.82%) V=286221
  K4: O=$4165.59 H=$4172.00 L=$4153.00 C=$4158.96 🔴 (-0.16%) V=172056
  K5: O=$4158.95 H=$4173.29 L=$4152.81 C=$4165.50 🟢 (+0.16%) V=97532
  K6: O=$4165.50 H=$4174.33 L=$4130.00 C=$4160.51 🔴 (-0.12%) V=194617
  K7: O=$4160.50 H=$4165.55 L=$4136.00 C=$4143.54 🔴 (-0.41%) V=100683
  K8: O=$4143.54 H=$4186.77 L=$4125.01 C=$4175.65 🟢 (+0.77%) V=288328
  K9: O=$4175.65 H=$4181.20 L=$4122.02 C=$4147.75 🔴 (-0.67%) V=279254
  K10: O=$4147.75 H=$4174.55 L=$4146.14 C=$4171.25 🟢 (+0.57%) V=137078
  K11: O=$4171.25 H=$4216.84 L=$4171.24 C=$4212.00 🟢 (+0.98%) V=229294
  K12: O=$4212.00 H=$4224.00 L=$4195.96 C=$4219.10 🟢 (+0.17%) V=124097
  K13: O=$4219.10 H=$4231.64 L=$4204.84 C=$4213.03 🔴 (-0.14%) V=103341
  K14: O=$4213.04 H=$4219.00 L=$4182.57 C=$4192.42 🔴 (-0.49%) V=161492
  K15: O=$4192.41 H=$4194.07 L=$4127.00 C=$4127.00 🔴 (-1.56%) V=266151
  K16: O=$4127.00 H=$4137.93 L=$4090.61 C=$4114.56 🔴 (-0.30%) V=194676
  K17: O=$4114.55 H=$4142.60 L=$4107.56 C=$4121.00 🟢 (+0.16%) V=123614
  K18: O=$4121.00 H=$4121.65 L=$4110.01 C=$4111.24 🔴 (-0.24%) V=11662

【4h周期】
RSI: 68.2 | MACD: 68.5214
EMA20: 4063.62 | EMA50: 4001.10 | SMA20: 4037.04 | SMA50: 3964.90
BOLL上轨: 4260.18 | BOLL中轨: 4037.04 | BOLL下轨: 3813.90 | ATR: 65.19

最近18根K线（OHLC）:
  K1: O=$3933.20 H=$3938.03 L=$3910.00 C=$3919.43 🔴 (-0.35%) V=202388
  K2: O=$3919.42 H=$3963.26 L=$3918.37 C=$3927.29 🟢 (+0.20%) V=246364
  K3: O=$3927.30 H=$3955.00 L=$3926.00 C=$3938.66 🟢 (+0.29%) V=243872
  K4: O=$3938.66 H=$3955.00 L=$3922.83 C=$3931.48 🔴 (-0.18%) V=239436
  K5: O=$3931.47 H=$3968.93 L=$3926.60 C=$3956.05 🟢 (+0.63%) V=227049
  K6: O=$3956.06 H=$3963.47 L=$3932.50 C=$3952.25 🔴 (-0.10%) V=135802
  K7: O=$3952.24 H=$3960.00 L=$3914.30 C=$3929.95 🔴 (-0.56%) V=245596
  K8: O=$3929.95 H=$3955.00 L=$3927.01 C=$3949.72 🟢 (+0.50%) V=124334
  K9: O=$3949.72 H=$4054.00 L=$3948.84 C=$4043.08 🟢 (+2.36%) V=832461
  K10: O=$4043.08 H=$4098.00 L=$4039.00 C=$4073.45 🟢 (+0.75%) V=780286
  K11: O=$4073.45 H=$4079.86 L=$4043.43 C=$4066.58 🔴 (-0.17%) V=276999
  K12: O=$4066.58 H=$4179.27 L=$4053.07 C=$4156.37 🟢 (+2.21%) V=669710
  K13: O=$4156.36 H=$4225.14 L=$4145.27 C=$4203.21 🟢 (+1.13%) V=697543
  K14: O=$4203.22 H=$4253.00 L=$4193.06 C=$4200.00 🔴 (-0.08%) V=622522
  K15: O=$4199.99 H=$4200.42 L=$4130.00 C=$4160.51 🔴 (-0.94%) V=750427
  K16: O=$4160.50 H=$4186.77 L=$4122.02 C=$4171.25 🟢 (+0.26%) V=805343
  K17: O=$4171.25 H=$4231.64 L=$4171.24 C=$4192.42 🟢 (+0.51%) V=618225
  K18: O=$4192.41 H=$4194.07 L=$4090.61 C=$4111.24 🔴 (-1.94%) V=596103

【1d周期】
RSI: 44.3 | MACD: -66.5390
EMA20: 4040.66 | EMA50: 4123.78 | SMA20: 4010.06 | SMA50: 4231.35
BOLL上轨: 4413.36 | BOLL中轨: 4010.06 | BOLL下轨: 3606.77 | ATR: 212.67

最近18根K线（OHLC）:
  K1: O=$4365.83 H=$4392.00 L=$3400.00 C=$3819.99 🔴 (-12.50%) V=12017119
  K2: O=$3820.00 H=$3874.28 L=$3640.00 C=$3744.99 🔴 (-1.96%) V=5215588
  K3: O=$3744.99 H=$4200.00 L=$3692.96 C=$4149.99 🟢 (+10.81%) V=9472267
  K4: O=$4150.00 H=$4293.03 L=$4034.12 C=$4239.70 🟢 (+2.16%) V=7867417
  K5: O=$4239.70 H=$4262.00 L=$3885.09 C=$4123.05 🔴 (-2.75%) V=8470013
  K6: O=$4123.06 H=$4216.12 L=$3925.00 C=$3983.81 🔴 (-3.38%) V=5383244
  K7: O=$3983.80 H=$4089.34 L=$3822.50 C=$3892.02 🔴 (-2.30%) V=5731701
  K8: O=$3892.02 H=$3948.06 L=$3671.00 C=$3829.99 🔴 (-1.59%) V=6653716
  K9: O=$3830.00 H=$3926.00 L=$3817.21 C=$3887.01 🟢 (+1.49%) V=1938785
  K10: O=$3887.01 H=$4030.00 L=$3810.00 C=$3980.59 🟢 (+2.41%) V=3378168
  K11: O=$3980.60 H=$4085.00 L=$3906.89 C=$3977.54 🔴 (-0.08%) V=3964194
  K12: O=$3977.54 H=$4108.41 L=$3838.21 C=$3871.11 🔴 (-2.68%) V=6065459
  K13: O=$3871.11 H=$3887.45 L=$3706.31 C=$3803.93 🔴 (-1.74%) V=5014923
  K14: O=$3803.94 H=$3933.40 L=$3794.89 C=$3855.21 🟢 (+1.35%) V=3703937
  K15: O=$3855.22 H=$4026.48 L=$3844.02 C=$3933.19 🟢 (+2.02%) V=3655431
  K16: O=$3933.20 H=$3968.93 L=$3910.00 C=$3952.25 🟢 (+0.48%) V=1294911
  K17: O=$3952.24 H=$4179.27 L=$3914.30 C=$4156.37 🟢 (+5.16%) V=2929387
  K18: O=$4156.36 H=$4253.00 L=$4090.61 C=$4111.02 🔴 (-1.09%) V=4089968

=== SOL/USDT ===
价格: $197.77 | 24h: -1.21% | 15m: +0.00%
资金费率: 0.000040 (中性) | 持仓量: 7,411,093
持仓: 无仓位

【5m周期】
RSI: 35.3 | MACD: -0.3235
EMA20: 198.61 | EMA50: 199.26 | SMA20: 198.62 | SMA50: 199.31
BOLL上轨: 199.50 | BOLL中轨: 198.62 | BOLL下轨: 197.75 | ATR: 0.58

最近18根K线（OHLC）:
  K1: O=$198.52 H=$198.83 L=$198.48 C=$198.82 🟢 (+0.15%) V=33636
  K2: O=$198.81 H=$198.82 L=$198.51 C=$198.62 🔴 (-0.10%) V=24297
  K3: O=$198.63 H=$199.48 L=$198.61 C=$199.26 🟢 (+0.32%) V=75669
  K4: O=$199.25 H=$199.32 L=$199.02 C=$199.14 🔴 (-0.06%) V=25299
  K5: O=$199.14 H=$199.23 L=$198.62 C=$198.64 🔴 (-0.25%) V=31664
  K6: O=$198.64 H=$199.11 L=$198.27 C=$199.10 🟢 (+0.23%) V=62002
  K7: O=$199.10 H=$199.22 L=$198.93 C=$199.01 🔴 (-0.05%) V=38796
  K8: O=$199.01 H=$199.24 L=$198.54 C=$198.56 🔴 (-0.23%) V=38281
  K9: O=$198.56 H=$198.79 L=$198.18 C=$198.58 🟢 (+0.01%) V=57196
  K10: O=$198.58 H=$199.33 L=$198.48 C=$199.33 🟢 (+0.38%) V=64113
  K11: O=$199.32 H=$199.33 L=$198.84 C=$198.85 🔴 (-0.24%) V=42842
  K12: O=$198.86 H=$198.93 L=$198.35 C=$198.86 ➖ (+0.00%) V=36214
  K13: O=$198.86 H=$198.86 L=$198.44 C=$198.48 🔴 (-0.19%) V=21121
  K14: O=$198.49 H=$198.68 L=$197.92 C=$198.00 🔴 (-0.25%) V=42606
  K15: O=$197.99 H=$198.50 L=$197.92 C=$198.42 🟢 (+0.22%) V=24739
  K16: O=$198.42 H=$198.68 L=$198.37 C=$198.37 🔴 (-0.03%) V=24463
  K17: O=$198.37 H=$198.37 L=$197.98 C=$198.21 🔴 (-0.08%) V=26797
  K18: O=$198.21 H=$198.24 L=$197.50 C=$197.76 🔴 (-0.23%) V=77886

【15m周期】
RSI: 27.4 | MACD: -0.7418
EMA20: 199.16 | EMA50: 199.99 | SMA20: 199.43 | SMA50: 200.04
BOLL上轨: 202.05 | BOLL中轨: 199.43 | BOLL下轨: 196.80 | ATR: 0.95

最近18根K线（OHLC）:
  K1: O=$201.88 H=$202.24 L=$201.51 C=$201.55 🔴 (-0.16%) V=106983
  K2: O=$201.56 H=$201.64 L=$200.23 C=$201.43 🔴 (-0.06%) V=286074
  K3: O=$201.43 H=$201.43 L=$200.51 C=$200.62 🔴 (-0.40%) V=121365
  K4: O=$200.62 H=$200.71 L=$199.67 C=$199.99 🔴 (-0.31%) V=261243
  K5: O=$200.00 H=$200.48 L=$199.76 C=$199.92 🔴 (-0.04%) V=117143
  K6: O=$199.92 H=$199.93 L=$199.11 C=$199.60 🔴 (-0.16%) V=256256
  K7: O=$199.61 H=$200.13 L=$198.91 C=$199.09 🔴 (-0.26%) V=204604
  K8: O=$199.08 H=$199.35 L=$198.57 C=$199.23 🟢 (+0.08%) V=185419
  K9: O=$199.23 H=$199.47 L=$198.62 C=$198.63 🔴 (-0.30%) V=103886
  K10: O=$198.63 H=$199.20 L=$198.50 C=$198.66 🟢 (+0.02%) V=99721
  K11: O=$198.66 H=$199.15 L=$197.47 C=$197.94 🔴 (-0.36%) V=298175
  K12: O=$197.94 H=$198.83 L=$197.85 C=$198.62 🟢 (+0.34%) V=106624
  K13: O=$198.63 H=$199.48 L=$198.61 C=$198.64 🟢 (+0.01%) V=132632
  K14: O=$198.64 H=$199.24 L=$198.27 C=$198.56 🔴 (-0.04%) V=139079
  K15: O=$198.56 H=$199.33 L=$198.18 C=$198.85 🟢 (+0.15%) V=164151
  K16: O=$198.86 H=$198.93 L=$197.92 C=$198.00 🔴 (-0.43%) V=99941
  K17: O=$197.99 H=$198.68 L=$197.92 C=$198.21 🟢 (+0.11%) V=75999
  K18: O=$198.21 H=$198.24 L=$197.50 C=$197.73 🔴 (-0.24%) V=78666

【1h周期】
RSI: 40.5 | MACD: -0.2122
EMA20: 199.90 | EMA50: 198.65 | SMA20: 200.69 | SMA50: 198.63
BOLL上轨: 204.74 | BOLL中轨: 200.69 | BOLL下轨: 196.65 | ATR: 1.79

最近18根K线（OHLC）:
  K1: O=$204.24 H=$204.88 L=$203.43 C=$204.68 🟢 (+0.22%) V=681275
  K2: O=$204.69 H=$205.17 L=$202.15 C=$202.43 🔴 (-1.10%) V=973959
  K3: O=$202.43 H=$202.48 L=$199.79 C=$200.40 🔴 (-1.00%) V=1488461
  K4: O=$200.40 H=$200.46 L=$198.01 C=$199.88 🔴 (-0.26%) V=1309306
  K5: O=$199.89 H=$200.68 L=$199.56 C=$200.34 🟢 (+0.23%) V=496650
  K6: O=$200.35 H=$200.88 L=$198.71 C=$200.08 🔴 (-0.13%) V=623609
  K7: O=$200.08 H=$200.18 L=$198.88 C=$199.43 🔴 (-0.32%) V=456383
  K8: O=$199.43 H=$200.49 L=$198.30 C=$200.23 🟢 (+0.40%) V=1040040
  K9: O=$200.24 H=$200.43 L=$198.18 C=$199.06 🔴 (-0.59%) V=871281
  K10: O=$199.06 H=$200.40 L=$198.85 C=$199.99 🟢 (+0.47%) V=658991
  K11: O=$200.00 H=$203.09 L=$199.91 C=$202.35 🟢 (+1.17%) V=1538490
  K12: O=$202.34 H=$203.19 L=$201.53 C=$202.16 🔴 (-0.09%) V=741180
  K13: O=$202.16 H=$203.10 L=$201.12 C=$201.55 🔴 (-0.30%) V=579725
  K14: O=$201.56 H=$201.64 L=$199.67 C=$199.92 🔴 (-0.81%) V=785825
  K15: O=$199.92 H=$200.13 L=$198.57 C=$198.63 🔴 (-0.65%) V=750165
  K16: O=$198.63 H=$199.48 L=$197.47 C=$198.64 🟢 (+0.01%) V=637152
  K17: O=$198.64 H=$199.33 L=$197.92 C=$198.21 🔴 (-0.22%) V=479170
  K18: O=$198.21 H=$198.24 L=$197.50 C=$197.73 🔴 (-0.24%) V=78666

【4h周期】
RSI: 62.8 | MACD: 2.6688
EMA20: 196.93 | EMA50: 193.96 | SMA20: 196.66 | SMA50: 191.64
BOLL上轨: 204.16 | BOLL中轨: 196.66 | BOLL下轨: 189.16 | ATR: 3.21

最近18根K线（OHLC）:
  K1: O=$193.49 H=$194.49 L=$192.35 C=$193.40 🔴 (-0.05%) V=1373897
  K2: O=$193.39 H=$194.86 L=$193.35 C=$193.87 🟢 (+0.25%) V=1267415
  K3: O=$193.87 H=$195.18 L=$191.00 C=$192.63 🔴 (-0.64%) V=2311050
  K4: O=$192.62 H=$194.16 L=$191.70 C=$191.80 🔴 (-0.43%) V=1610378
  K5: O=$191.79 H=$194.56 L=$191.33 C=$194.42 🟢 (+1.37%) V=1497299
  K6: O=$194.43 H=$194.85 L=$193.65 C=$193.72 🔴 (-0.37%) V=1155857
  K7: O=$193.71 H=$194.28 L=$191.75 C=$192.88 🔴 (-0.43%) V=1352214
  K8: O=$192.88 H=$194.23 L=$192.63 C=$193.79 🟢 (+0.47%) V=902162
  K9: O=$193.80 H=$197.84 L=$193.60 C=$197.69 🟢 (+2.01%) V=3400361
  K10: O=$197.68 H=$199.83 L=$196.82 C=$199.41 🟢 (+0.88%) V=3629804
  K11: O=$199.42 H=$199.60 L=$198.00 C=$198.81 🔴 (-0.31%) V=1797444
  K12: O=$198.80 H=$202.55 L=$196.74 C=$199.93 🟢 (+0.57%) V=3772157
  K13: O=$199.92 H=$205.02 L=$199.38 C=$204.25 🟢 (+2.17%) V=3900366
  K14: O=$204.25 H=$205.30 L=$202.15 C=$202.43 🔴 (-0.89%) V=2638625
  K15: O=$202.43 H=$202.48 L=$198.01 C=$200.08 🔴 (-1.16%) V=3918027
  K16: O=$200.08 H=$200.49 L=$198.18 C=$199.99 🔴 (-0.04%) V=3026696
  K17: O=$200.00 H=$203.19 L=$199.67 C=$199.92 🔴 (-0.04%) V=3645220
  K18: O=$199.92 H=$200.13 L=$197.47 C=$197.73 🔴 (-1.10%) V=1945154

【1d周期】
RSI: 41.8 | MACD: -5.0074
EMA20: 196.84 | EMA50: 202.52 | SMA20: 194.47 | SMA50: 212.99
BOLL上轨: 220.44 | BOLL中轨: 194.47 | BOLL下轨: 168.50 | ATR: 11.71

最近18根K线（OHLC）:
  K1: O=$220.81 H=$224.35 L=$141.28 C=$187.65 🔴 (-15.02%) V=62336461
  K2: O=$187.66 H=$190.64 L=$172.32 C=$177.22 🔴 (-5.56%) V=38039411
  K3: O=$177.23 H=$198.83 L=$172.60 C=$196.88 🟢 (+11.09%) V=50813260
  K4: O=$196.88 H=$209.22 L=$190.00 C=$208.57 🟢 (+5.94%) V=54073828
  K5: O=$208.58 H=$211.29 L=$190.95 C=$202.34 🔴 (-2.99%) V=53686485
  K6: O=$202.35 H=$208.85 L=$191.91 C=$193.73 🔴 (-4.26%) V=30102572
  K7: O=$193.73 H=$198.34 L=$181.93 C=$184.76 🔴 (-4.63%) V=34621320
  K8: O=$184.76 H=$187.43 L=$174.00 C=$181.89 🔴 (-1.55%) V=38196985
  K9: O=$181.89 H=$188.21 L=$181.66 C=$187.47 🟢 (+3.07%) V=13274326
  K10: O=$187.47 H=$192.15 L=$183.06 C=$187.78 🟢 (+0.17%) V=17127758
  K11: O=$187.78 H=$194.44 L=$183.68 C=$189.63 🟢 (+0.99%) V=22216681
  K12: O=$189.63 H=$197.69 L=$182.65 C=$185.54 🔴 (-2.16%) V=29938193
  K13: O=$185.53 H=$187.36 L=$176.85 C=$180.01 🔴 (-2.98%) V=28119471
  K14: O=$180.00 H=$193.44 L=$179.54 C=$191.27 🟢 (+6.26%) V=22737992
  K15: O=$191.27 H=$196.80 L=$188.66 C=$193.50 🟢 (+1.17%) V=19084591
  K16: O=$193.49 H=$195.18 L=$191.00 C=$193.72 🟢 (+0.12%) V=9215897
  K17: O=$193.71 H=$202.55 L=$191.75 C=$199.93 🟢 (+3.21%) V=14854143
  K18: O=$199.92 H=$205.30 L=$197.47 C=$197.76 🔴 (-1.08%) V=19073308


## 账户状态


账户余额: 0.00 USDT
可用余额: 0.00 USDT
未实现盈亏: +0.00 USDT


## 历史决策

无历史记录

## 决策要求

请综合分析市场数据，为每个币种给出独立决策。

请严格按照以下JSON格式回复（不要有任何额外文本）：
{
    "BTCUSDT": {"action": "BUY_OPEN", "reason": "多周期上升趋势，RSI44未超买，4hMACD转正", "confidence": "HIGH", "leverage": 8, "position_percent": 20, "take_profit_percent": 5.0, "stop_loss_percent": -2.0},
    "ETHUSDT": {"action": "SELL_OPEN", "reason": "4h RSI超买80，MACD转负，顶部信号", "confidence": "MEDIUM", "leverage": 5, "position_percent": 15, "take_profit_percent": 3.0, "stop_loss_percent": -1.5},
    "SOLUSDT": {"action": "HOLD", "reason": "震荡整理，等待方向突破", "confidence": "LOW", "leverage": 0, "position_percent": 0, "take_profit_percent": 0, "stop_loss_percent": 0}
}

### 字段说明
- action: BUY_OPEN(开多) | SELL_OPEN(开空) | CLOSE(平仓) | HOLD(观望)
- reason: 1-2句话说明决策理由，包含关键指标和值
- confidence: HIGH / MEDIUM / LOW
- leverage: 杠杆倍数 1-100
- position_percent: 仓位百分比 0-30
- take_profit_percent: 止盈百分比（如5.0表示止盈5%）
- stop_loss_percent: 止损百分比（如-2.0表示止损2%）

注意：
1. 根据市场趋势灵活选择BUY_OPEN（做多）或SELL_OPEN（做空），不要只做单向交易
2. 如果action是BUY_OPEN或SELL_OPEN，必须给出合理的止盈止损百分比
3. BUY_OPEN：take_profit > 0 > stop_loss（上涨止盈，下跌止损）
4. SELL_OPEN：take_profit < 0 < stop_loss（下跌止盈，上涨止损）
============================================================


🧠 AI推理过程:
首先，我需要分析每个币种的市场数据，包括BTC/USDT、ETH/USDT和SOL/USDT。然后，为每个币种给出独立的交易决策，包括行动、理由、信心水平、杠杆、仓位百分比、止盈和止损百分比。决策必须基于提供的技术指标和价格数据。

### BTC/USDT 分析：
- **当前价格**：$114,004.00，24小时变化-0.70%，15分钟变化+0.00%。
- **技术指标**：
  - 5分钟周期：RSI 30.6（接近超卖），MACD -130.4635（负值，但可能在改善），价格在布林带下轨附近（下轨114000.63，当前114004.10）。
  - 15分钟周期：RSI 20.2（超卖），MACD -282.5730（负值），价格在布林带下轨附近（下轨113714.13，当前113996.80）。
  - 1小时周期：RSI 34.1（中性偏弱），MACD 88.2243（正值），但价格低于EMA20和SMA20。
  - 4小时周期：RSI 70.0（接近超买），MACD 1274.0570（正值），价格在布林带上轨附近（上轨116326.58，当前114004.10）。
  - 1天周期：RSI 47.6（中性），MACD -894.7315（负值），价格在布林带中轨附近。
- **趋势分析**：
  - 短期（5m和15m）显示超卖迹象，价格接近布林带下轨，可能反弹。
  - 中期（1h和4h）RSI在4小时周期超买，但MACD为正，显示上升趋势。
  - 长期（1d）中性，但MACD为负，表明可能还有下行压力。
- **决策考虑**：
  - 短期超卖可能提供买入机会，但4小时RSI超买需谨慎。
  - 资金费率中性，持仓量高，表明市场活跃。
  - 价格在多个周期接近支撑位（如布林带下轨），可能反弹。
  - 行动：考虑BUY_OPEN，因为短期超卖，且中期趋势仍向上（4h MACD正）。
  - 理由：短期RSI超卖，价格接近支撑，4h MACD正显示上升动能。
  - 信心：MEDIUM，因为4h RSI超买可能限制上行空间。
  - 杠杆：建议3-10倍，使用8倍。
  - 仓位：20%，在最小10%和最大30%之间。
  - 止盈：+5.0%，基于潜在反弹。
  - 止损：-2.0%，控制风险。

### ETH/USDT 分析：
- **当前价格**：$4,111.81，24小时变化-1.31%，15分钟变化+0.00%。
- **技术指标**：
  - 5分钟周期：RSI 41.2（中性），MACD -7.0481（负值），价格在布林带下轨附近（下轨4108.58，当前4111.23）。
  - 15分钟周期：RSI 22.8（超卖），MACD -18.7216（负值），价格在布林带下轨附近（下轨4072.11，当前4111.02）。
  - 1小时周期：RSI 41.5（中性），MACD 7.2478（正值），但价格低于SMA20。
  - 4小时周期：RSI 68.2（接近超买），MACD 68.5214（正值），价格在布林带上轨附近（上轨4260.18，当前4111.24）。
  - 1天周期：RSI 44.3（中性），MACD -66.5390（负值），价格在布林带中轨附近。
- **趋势分析**：
  - 短期（5m和15m）超卖，价格接近支撑。
  - 中期（1h和4h）4h RSI接近超买，但MACD为正。
  - 长期（1d）中性偏弱。
- **决策考虑**：
  - 短期超卖可能反弹，但4h RSI接近超买，可能面临阻力。
  - 资金费率中性，持仓量高。
  - 行动：考虑到短期超卖，但中期有超买风险，可能观望或轻仓做多。但4h RSI 68.2不是极端超买，MACD正，所以可能不是做空时机。相反，短期超卖可能做多。
  - 理由：短期RSI超卖，价格接近支撑，但4h RSI较高，需谨慎。
  - 信心：MEDIUM，因为矛盾信号。
  - 杠杆：5倍。
  - 仓位：15%。
  - 止盈：+3.0%，保守一些。
  - 止损：-1.5%。

### SOL/USDT 分析：
- **当前价格**：$197.77，24小时变化-1.21%，15分钟变化+0.00%。
- **技术指标**：
  - 5分钟周期：RSI 35.3（中性偏弱），MACD -0.3235（负值），价格在布林带下轨附近（下轨197.75，当前197.76）。
  - 15分钟周期：RSI 27.4（超卖），MACD -0.7418（负值），价格在布林带下轨附近（下轨196.80，当前197.73）。
  - 1小时周期：RSI 40.5（中性），MACD -0.2122（负值），价格低于SMA20。
  - 4小时周期：RSI 62.8（中性偏强），MACD 2.6688（正值），价格在布林带中轨附近。
  - 1天周期：RSI 41.8（中性），MACD -5.0074（负值），价格在布林带中轨附近。
- **趋势分析**：
  - 短期超卖，可能反弹。
  - 中期4h RSI 62.8显示强势，但MACD正。
  - 长期中性。
- **决策考虑**：
  - 价格在多个周期接近支撑，短期超卖，但整体趋势震荡。
  - 行动：HOLD，等待更明确的方向突破。因为RSI在短期超卖，但中期不强烈，信心低。
  - 理由：震荡整理，短期超卖但未确认反弹。
  - 信心：LOW。
  - 杠杆：0（无仓位）。
  - 仓位：0%。
  - 止盈和止损：0。

### 总结决策：
- BTC/USDT：BUY_OPEN，理由短期超卖，中期趋势向上。
- ETH/USDT：BUY_OPEN，理由类似，短期超卖，但信心稍低。
- SOL/USDT：HOLD，等待突破。

对于ETH，我最初考虑做多，因为短期超卖。但检查4h RSI是68.2，接近超买，但当前价格从高点回落，所以可能不是做空时机。MACD正，所以做多更合理。

确保止盈止损合理：
- BUY_OPEN：止盈 > 0 > 止损（例如，止盈5%，止损-2%）
- SELL_OPEN：止盈 < 0 < 止损（例如，止盈-3%，止损1.5%）

在ETH上，我没有看到强烈做空信号，所以做多。

最终决策：
- BTC: BUY_OPEN
- ETH: BUY_OPEN  
- SOL: HOLD

理由要简洁，包含关键指标。


============================================================
🧠 AI思维链（详细分析）
============================================================
首先，我需要分析每个币种的市场数据，包括BTC/USDT、ETH/USDT和SOL/USDT。然后，为每个币种给出独立的交易决策，包括行动、理由、信心水平、杠杆、仓位百分比、止盈和止损百分比。决策必须基于提供的技术指标和价格数据。

### BTC/USDT 分析：
- **当前价格**：$114,004.00，24小时变化-0.70%，15分钟变化+0.00%。
- **技术指标**：
  - 5分钟周期：RSI 30.6（接近超卖），MACD -130.4635（负值，但可能在改善），价格在布林带下轨附近（下轨114000.63，当前114004.10）。
  - 15分钟周期：RSI 20.2（超卖），MACD -282.5730（负值），价格在布林带下轨附近（下轨113714.13，当前113996.80）。
  - 1小时周期：RSI 34.1（中性偏弱），MACD 88.2243（正值），但价格低于EMA20和SMA20。
  - 4小时周期：RSI 70.0（接近超买），MACD 1274.0570（正值），价格在布林带上轨附近（上轨116326.58，当前114004.10）。
  - 1天周期：RSI 47.6（中性），MACD -894.7315（负值），价格在布林带中轨附近。
- **趋势分析**：
  - 短期（5m和15m）显示超卖迹象，价格接近布林带下轨，可能反弹。
  - 中期（1h和4h）RSI在4小时周期超买，但MACD为正，显示上升趋势。
  - 长期（1d）中性，但MACD为负，表明可能还有下行压力。
- **决策考虑**：
  - 短期超卖可能提供买入机会，但4小时RSI超买需谨慎。
  - 资金费率中性，持仓量高，表明市场活跃。
  - 价格在多个周期接近支撑位（如布林带下轨），可能反弹。
  - 行动：考虑BUY_OPEN，因为短期超卖，且中期趋势仍向上（4h MACD正）。
  - 理由：短期RSI超卖，价格接近支撑，4h MACD正显示上升动能。
  - 信心：MEDIUM，因为4h RSI超买可能限制上行空间。
  - 杠杆：建议3-10倍，使用8倍。
  - 仓位：20%，在最小10%和最大30%之间。
  - 止盈：+5.0%，基于潜在反弹。
  - 止损：-2.0%，控制风险。

### ETH/USDT 分析：
- **当前价格**：$4,111.81，24小时变化-1.31%，15分钟变化+0.00%。
- **技术指标**：
  - 5分钟周期：RSI 41.2（中性），MACD -7.0481（负值），价格在布林带下轨附近（下轨4108.58，当前4111.23）。
  - 15分钟周期：RSI 22.8（超卖），MACD -18.7216（负值），价格在布林带下轨附近（下轨4072.11，当前4111.02）。
  - 1小时周期：RSI 41.5（中性），MACD 7.2478（正值），但价格低于SMA20。
  - 4小时周期：RSI 68.2（接近超买），MACD 68.5214（正值），价格在布林带上轨附近（上轨4260.18，当前4111.24）。
  - 1天周期：RSI 44.3（中性），MACD -66.5390（负值），价格在布林带中轨附近。
- **趋势分析**：
  - 短期（5m和15m）超卖，价格接近支撑。
  - 中期（1h和4h）4h RSI接近超买，但MACD为正。
  - 长期（1d）中性偏弱。
- **决策考虑**：
  - 短期超卖可能反弹，但4h RSI接近超买，可能面临阻力。
  - 资金费率中性，持仓量高。
  - 行动：考虑到短期超卖，但中期有超买风险，可能观望或轻仓做多。但4h RSI 68.2不是极端超买，MACD正，所以可能不是做空时机。相反，短期超卖可能做多。
  - 理由：短期RSI超卖，价格接近支撑，但4h RSI较高，需谨慎。
  - 信心：MEDIUM，因为矛盾信号。
  - 杠杆：5倍。
  - 仓位：15%。
  - 止盈：+3.0%，保守一些。
  - 止损：-1.5%。

### SOL/USDT 分析：
- **当前价格**：$197.77，24小时变化-1.21%，15分钟变化+0.00%。
- **技术指标**：
  - 5分钟周期：RSI 35.3（中性偏弱），MACD -0.3235（负值），价格在布林带下轨附近（下轨197.75，当前197.76）。
  - 15分钟周期：RSI 27.4（超卖），MACD -0.7418（负值），价格在布林带下轨附近（下轨196.80，当前197.73）。
  - 1小时周期：RSI 40.5（中性），MACD -0.2122（负值），价格低于SMA20。
  - 4小时周期：RSI 62.8（中性偏强），MACD 2.6688（正值），价格在布林带中轨附近。
  - 1天周期：RSI 41.8（中性），MACD -5.0074（负值），价格在布林带中轨附近。
- **趋势分析**：
  - 短期超卖，可能反弹。
  - 中期4h RSI 62.8显示强势，但MACD正。
  - 长期中性。
- **决策考虑**：
  - 价格在多个周期接近支撑，短期超卖，但整体趋势震荡。
  - 行动：HOLD，等待更明确的方向突破。因为RSI在短期超卖，但中期不强烈，信心低。
  - 理由：震荡整理，短期超卖但未确认反弹。
  - 信心：LOW。
  - 杠杆：0（无仓位）。
  - 仓位：0%。
  - 止盈和止损：0。

### 总结决策：
- BTC/USDT：BUY_OPEN，理由短期超卖，中期趋势向上。
- ETH/USDT：BUY_OPEN，理由类似，短期超卖，但信心稍低。
- SOL/USDT：HOLD，等待突破。

对于ETH，我最初考虑做多，因为短期超卖。但检查4h RSI是68.2，接近超买，但当前价格从高点回落，所以可能不是做空时机。MACD正，所以做多更合理。

确保止盈止损合理：
- BUY_OPEN：止盈 > 0 > 止损（例如，止盈5%，止损-2%）
- SELL_OPEN：止盈 < 0 < 止损（例如，止盈-3%，止损1.5%）

在ETH上，我没有看到强烈做空信号，所以做多。

最终决策：
- BTC: BUY_OPEN
- ETH: BUY_OPEN  
- SOL: HOLD

理由要简洁，包含关键指标。
============================================================


============================================================
🤖 AI原始回复:
============================================================
{
    "BTCUSDT": {"action": "BUY_OPEN", "reason": "短期RSI超卖(5m RSI 30.6, 15m RSI 20.2)，价格接近布林带下轨支撑，4h MACD正显示上升动能", "confidence": "MEDIUM", "leverage": 8, "position_percent": 20, "take_profit_percent": 5.0, "stop_loss_percent": -2.0},
    "ETHUSDT": {"action": "BUY_OPEN", "reason": "短期RSI超卖(15m RSI 22.8)，价格测试布林带下轨，1h MACD转正提供反弹信号", "confidence": "MEDIUM", "leverage": 5, "position_percent": 15, "take_profit_percent": 3.0, "stop_loss_percent": -1.5},
    "SOLUSDT": {"action": "HOLD", "reason": "多周期震荡整理，短期RSI超卖但未确认方向突破，等待更明确信号", "confidence": "LOW", "leverage": 0, "position_percent": 0, "take_profit_percent": 0, "stop_loss_percent": 0}
}
============================================================


============================================================
📊 AI多币种决策总结:
============================================================
   BTCUSDT: BUY_OPEN - 短期RSI超卖(5m RSI 30.6, 15m RSI 20.2)，价格接近布林带下轨支撑，4h MACD正显示上升动能
   ETHUSDT: BUY_OPEN - 短期RSI超卖(15m RSI 22.8)，价格测试布林带下轨，1h MACD转正提供反弹信号
   SOLUSDT: HOLD - 多周期震荡整理，短期RSI超卖但未确认方向突破，等待更明确信号
============================================================


--- BTCUSDT ---
⚠️ BTCUSDT 账户余额为0，无法开仓
   请确保账户有足够的 USDT 余额

--- ETHUSDT ---
⚠️ ETHUSDT 账户余额为0，无法开仓
   请确保账户有足够的 USDT 余额

--- SOLUSDT ---
⚠️ SOLUSDT 信心度太低(0.40)，跳过执行

💤 等待 111秒...
^C

⚠️ 收到中断信号，正在安全退出...

============================================================
🛑 交易机器人正在关闭...
============================================================
✅ 本次运行交易次数: 0
✅ 决策记录数量: 0
🎉 交易机器人已安全退出
============================================================